
[seed] Loading 'start from best' hyperparameters to re-evaluate …
  [seed] optimize/runs/mobo_05_06_15_32/trial_112  (trial 112) — will be re-evaluated
  [copy-config] reusing config from optimize/runs/mobo_ela_18430082_gen75_rbf10_20260721_025010/run_config.json (created 2026-07-21T02:50:17)
======================================================================
ZoMBI-Hop MOBO — RESUME-FROM mobo_ela_18430082_gen75_rbf10_20260721_025010  |  ELA twin (ela_3d_18430082_gen75, 3D)
Device: cpu
======================================================================

[collect] Loading prior data from optimize/runs/mobo_ela_18430082_gen75_rbf10_20260721_025010 …
  [collect] mobo_ela_18430082_gen75_rbf10_20260721_025010: 39 trial(s)
  [collect] 39 trial(s) -> prior history.
  [invocation] mode=resume_from  device=cpu  time_limit_hours=0.2  max_trials=None
  [invocation] landscape + true_optima: saved run_config from optimize/runs/mobo_ela_18430082_gen75_rbf10_20260721_025010
  [invocation] time_limit_hours: saved run_config (0.2)
  [invocation] device: CLI --device cpu -> cpu

[run] Output folder: /Users/steorra/ZoMBI-Hop/optimize/runs/mobo_ela_18430082_gen75_rbf10_resume112_20260721_102806

======================================================================
MOBO  |  ELA twin (ela_3d_18430082_gen75, 3D)  |  1 re-evaluated seed(s) + 0 Sobol init, then BO until Ctrl+C
time limit / trial: 0.2 h    Run dir: /Users/steorra/ZoMBI-Hop/optimize/runs/mobo_ela_18430082_gen75_rbf10_resume112_20260721_102806
PRIOR HISTORY — seeding GP with 39 (X,Y) pair(s) from prior runs; skipping Sobol init
Hyperparameters (16): ['nat_grad_step', 'nat_grad_max_steps', 'n_restarts', 'raw', 'ucb_beta', 'max_zooms', 'max_iterations', 'top_m_points', 'n_consecutive_converged', 'input_noise_threshold_mult', 'output_noise_threshold_mult', 'max_penalty_radius', 'needle_shrink_factor', 'needle_stop_noise_multiplier', 'paring_spatial_halfnoise', 'paring_y_noise_multiplier']
======================================================================

[trial 1 | seed]  nat_grad_step=0.001  nat_grad_max_steps=54  n_restarts=285  raw=200  ucb_beta=1.4579  max_zooms=3  max_iterations=8  top_m_points=8  n_consecutive_converged=1  input_noise_threshold_mult=3.9835  output_noise_threshold_mult=0.5225  max_penalty_radius=4.5648  needle_shrink_factor=0.638  needle_stop_noise_multiplier=2.8184  paring_spatial_halfnoise=1.2138  paring_y_noise_multiplier=4.1951
  [ellipsoid] radius cap applied — semi-axes before: ['2940.861', '0.210'] → after: ['4.565', '0.210']
  [ellipsoid] radius cap applied — semi-axes before: ['2983.905', '0.210'] → after: ['4.565', '0.210']
  [ellipsoid] radius cap applied — semi-axes before: ['870.941', '870.941'] → after: ['4.565', '4.565']
  [ellipsoid] radius cap applied — semi-axes before: ['856.163', '0.559'] → after: ['4.565', '0.559']
  [ellipsoid] radius cap applied — semi-axes before: ['806.505', '806.505'] → after: ['4.565', '4.565']
  [ellipsoid] radius cap applied — semi-axes before: ['1889.219', '0.209'] → after: ['4.565', '0.209']
  [ellipsoid] radius cap applied — semi-axes before: ['1204.148', '0.210'] → after: ['4.565', '0.210']
  [ellipsoid] radius cap applied — semi-axes before: ['852.172', '0.760'] → after: ['4.565', '0.760']
  [ellipsoid] radius cap applied — semi-axes before: ['804.610', '804.610'] → after: ['4.565', '4.565']
  [ellipsoid] radius cap applied — semi-axes before: ['666.204', '666.204'] → after: ['4.565', '4.565']
  [ellipsoid] radius cap applied — semi-axes before: ['853.785', '0.325'] → after: ['4.565', '0.325']
  [ellipsoid] radius cap applied — semi-axes before: ['1540.503', '0.210'] → after: ['4.565', '0.210']
  [ellipsoid] radius cap applied — semi-axes before: ['857.379', '857.379'] → after: ['4.565', '4.565']
  [ellipsoid] radius cap applied — semi-axes before: ['2129.897', '0.218'] → after: ['4.565', '0.218']
  [ellipsoid] radius cap applied — semi-axes before: ['2031.925', '0.218'] → after: ['4.565', '0.218']
  [ellipsoid] radius cap applied — semi-axes before: ['1495.027', '0.218'] → after: ['4.565', '0.218']
  [ellipsoid] radius cap applied — semi-axes before: ['1244.777', '0.218'] → after: ['4.565', '0.218']
  [ellipsoid] radius cap applied — semi-axes before: ['2382.904', '0.218'] → after: ['4.565', '0.218']
  [ellipsoid] radius cap applied — semi-axes before: ['864.423', '0.253'] → after: ['4.565', '0.253']
