/Users/steorra/.matplotlib is not a writable directory
Matplotlib created a temporary cache directory at /var/folders/yh/w59vh5892d9bg74k4f666csc0000gq/T/matplotlib-fvyoanfz because there was an issue with the default path (/Users/steorra/.matplotlib); it is highly recommended to set the MPLCONFIGDIR environment variable to a writable directory, in particular to speed up the import of Matplotlib and to better support multiprocessing.

Fontconfig error: No writable cache directories
	/Users/steorra/miniconda3/envs/zombi-hop-linebo/var/cache/fontconfig
	/Users/steorra/.cache/fontconfig
	/Users/steorra/.fontconfig

Fontconfig error: No writable cache directories
	/Users/steorra/miniconda3/envs/zombi-hop-linebo/var/cache/fontconfig
	/Users/steorra/.cache/fontconfig
	/Users/steorra/.fontconfig

Fontconfig error: No writable cache directories
	/Users/steorra/miniconda3/envs/zombi-hop-linebo/var/cache/fontconfig
	/Users/steorra/.cache/fontconfig
	/Users/steorra/.fontconfig

Fontconfig error: No writable cache directories
	/Users/steorra/miniconda3/envs/zombi-hop-linebo/var/cache/fontconfig
	/Users/steorra/.cache/fontconfig
	/Users/steorra/.fontconfig
Matplotlib is building the font cache; this may take a moment.

[seed] Loading 'start from best' hyperparameters to re-evaluate …
--start-from-best: no trial.json found at optimize/runs/archived_runs/mobo_3d_05_06_15_32/trial_112/trial.json
